export const snapshot = {};

snapshot[`OTLP/HTTP exporter 1`] = `
{
  "caller.function": "",
  "caller.module": "",
  "objective.name": "",
  "objective.percentile": "",
  function: "foo",
  module: "/packages/autometrics/tests/otlpHttpExporter.test.ts",
  result: "ok",
  service_name: "autometrics-monorepo",
}
`;
